============================= test session starts =============================
platform win32 -- Python 3.13.5, pytest-9.0.0, pluggy-1.6.0
rootdir: D:\_Projekt\_MAGUS_RPG
configfile: pytest.ini
plugins: cov-5.0.0
collected 118 items / 13 errors

=================================== ERRORS ====================================
_________ ERROR collecting MAGUS_pygame/tests/test_ap_calculation.py __________
ImportError while importing test module 'D:\_Projekt\_MAGUS_RPG\MAGUS_pygame\tests\test_ap_calculation.py'.
Hint: make sure your test modules/packages have valid Python names.
Traceback:
C:\Python\Lib\importlib\__init__.py:88: in import_module
    return _bootstrap._gcd_import(name[level:], package, level)
           ^^^^^^^^^^^^^^^^^^^^^^^^^^^^^^^^^^^^^^^^^^^^^^^^^^^^
MAGUS_pygame\tests\test_ap_calculation.py:1: in <module>
    from MAGUS_pygame.application.battle_service import compute_unit_ap
MAGUS_pygame\application\battle_service.py:20: in <module>
    from config import AP_COST_MOVEMENT
E   ImportError: cannot import name 'AP_COST_MOVEMENT' from 'config' (D:\_Projekt\_MAGUS_RPG\Gamemaster_tools\config\__init__.py)
______________ ERROR collecting MAGUS_pygame/tests/test_armor.py ______________
ImportError while importing test module 'D:\_Projekt\_MAGUS_RPG\MAGUS_pygame\tests\test_armor.py'.
Hint: make sure your test modules/packages have valid Python names.
Traceback:
C:\Python\Lib\importlib\__init__.py:88: in import_module
    return _bootstrap._gcd_import(name[level:], package, level)
           ^^^^^^^^^^^^^^^^^^^^^^^^^^^^^^^^^^^^^^^^^^^^^^^^^^^^
MAGUS_pygame\tests\test_armor.py:12: in <module>
    from domain.mechanics.armor import ArmorPiece, ArmorSystem
E   ModuleNotFoundError: No module named 'domain'
__________ ERROR collecting MAGUS_pygame/tests/test_armor_system.py ___________
ImportError while importing test module 'D:\_Projekt\_MAGUS_RPG\MAGUS_pygame\tests\test_armor_system.py'.
Hint: make sure your test modules/packages have valid Python names.
Traceback:
C:\Python\Lib\importlib\__init__.py:88: in import_module
    return _bootstrap._gcd_import(name[level:], package, level)
           ^^^^^^^^^^^^^^^^^^^^^^^^^^^^^^^^^^^^^^^^^^^^^^^^^^^^
MAGUS_pygame\tests\test_armor_system.py:1: in <module>
    from MAGUS_pygame.domain.mechanics.armor import ArmorPiece, ArmorSystem, HitzoneResolver
MAGUS_pygame\domain\mechanics\__init__.py:17: in <module>
    from .actions import ActionCategory, ActionCost, ActionResult, AttackAction, MovementAction
MAGUS_pygame\domain\mechanics\actions\__init__.py:13: in <module>
    from .attack_action import AttackAction
MAGUS_pygame\domain\mechanics\actions\attack_action.py:14: in <module>
    from domain.entities import Unit, Weapon
E   ModuleNotFoundError: No module named 'domain'
________ ERROR collecting MAGUS_pygame/tests/test_armor_validation.py _________
ImportError while importing test module 'D:\_Projekt\_MAGUS_RPG\MAGUS_pygame\tests\test_armor_validation.py'.
Hint: make sure your test modules/packages have valid Python names.
Traceback:
C:\Python\Lib\importlib\__init__.py:88: in import_module
    return _bootstrap._gcd_import(name[level:], package, level)
           ^^^^^^^^^^^^^^^^^^^^^^^^^^^^^^^^^^^^^^^^^^^^^^^^^^^^
MAGUS_pygame\tests\test_armor_validation.py:6: in <module>
    from application.equipment_validation_service import EquipmentValidationService
E   ModuleNotFoundError: No module named 'application'
________ ERROR collecting MAGUS_pygame/tests/test_attack_resolution.py ________
ImportError while importing test module 'D:\_Projekt\_MAGUS_RPG\MAGUS_pygame\tests\test_attack_resolution.py'.
Hint: make sure your test modules/packages have valid Python names.
Traceback:
C:\Python\Lib\importlib\__init__.py:88: in import_module
    return _bootstrap._gcd_import(name[level:], package, level)
           ^^^^^^^^^^^^^^^^^^^^^^^^^^^^^^^^^^^^^^^^^^^^^^^^^^^^
MAGUS_pygame\tests\test_attack_resolution.py:15: in <module>
    from domain.entities import Unit, Weapon
E   ModuleNotFoundError: No module named 'domain'
_____ ERROR collecting MAGUS_pygame/tests/test_battle_service_rollover.py _____
ImportError while importing test module 'D:\_Projekt\_MAGUS_RPG\MAGUS_pygame\tests\test_battle_service_rollover.py'.
Hint: make sure your test modules/packages have valid Python names.
Traceback:
C:\Python\Lib\importlib\__init__.py:88: in import_module
    return _bootstrap._gcd_import(name[level:], package, level)
           ^^^^^^^^^^^^^^^^^^^^^^^^^^^^^^^^^^^^^^^^^^^^^^^^^^^^
MAGUS_pygame\tests\test_battle_service_rollover.py:1: in <module>
    from MAGUS_pygame.application.battle_service import BattleService
MAGUS_pygame\application\battle_service.py:20: in <module>
    from config import AP_COST_MOVEMENT
E   ImportError: cannot import name 'AP_COST_MOVEMENT' from 'config' (D:\_Projekt\_MAGUS_RPG\Gamemaster_tools\config\__init__.py)
______ ERROR collecting MAGUS_pygame/tests/test_equipment_validation.py _______
ImportError while importing test module 'D:\_Projekt\_MAGUS_RPG\MAGUS_pygame\tests\test_equipment_validation.py'.
Hint: make sure your test modules/packages have valid Python names.
Traceback:
C:\Python\Lib\importlib\__init__.py:88: in import_module
    return _bootstrap._gcd_import(name[level:], package, level)
           ^^^^^^^^^^^^^^^^^^^^^^^^^^^^^^^^^^^^^^^^^^^^^^^^^^^^
MAGUS_pygame\tests\test_equipment_validation.py:3: in <module>
    from application.equipment_validation_service import EquipmentValidationService
MAGUS_pygame\application\equipment_validation_service.py:24: in <module>
    from logger.logger import get_logger
MAGUS_pygame\logger\__init__.py:6: in <module>
    from .logger import get_logger
MAGUS_pygame\logger\logger.py:10: in <module>
    from config import LOGS_DIR
E   ImportError: cannot import name 'LOGS_DIR' from 'config' (D:\_Projekt\_MAGUS_RPG\Gamemaster_tools\config\__init__.py)
________ ERROR collecting MAGUS_pygame/tests/test_game_flow_service.py ________
ImportError while importing test module 'D:\_Projekt\_MAGUS_RPG\MAGUS_pygame\tests\test_game_flow_service.py'.
Hint: make sure your test modules/packages have valid Python names.
Traceback:
C:\Python\Lib\importlib\__init__.py:88: in import_module
    return _bootstrap._gcd_import(name[level:], package, level)
           ^^^^^^^^^^^^^^^^^^^^^^^^^^^^^^^^^^^^^^^^^^^^^^^^^^^^
MAGUS_pygame\tests\test_game_flow_service.py:3: in <module>
    from application.game_flow_service import _create_units_for_team, _units_from_config
MAGUS_pygame\application\game_flow_service.py:13: in <module>
    from application.battle_service import BattleService
MAGUS_pygame\application\battle_service.py:20: in <module>
    from config import AP_COST_MOVEMENT
E   ImportError: cannot import name 'AP_COST_MOVEMENT' from 'config' (D:\_Projekt\_MAGUS_RPG\Gamemaster_tools\config\__init__.py)
___________ ERROR collecting MAGUS_pygame/tests/test_initiation.py ____________
ImportError while importing test module 'D:\_Projekt\_MAGUS_RPG\MAGUS_pygame\tests\test_initiation.py'.
Hint: make sure your test modules/packages have valid Python names.
Traceback:
C:\Python\Lib\importlib\__init__.py:88: in import_module
    return _bootstrap._gcd_import(name[level:], package, level)
           ^^^^^^^^^^^^^^^^^^^^^^^^^^^^^^^^^^^^^^^^^^^^^^^^^^^^
MAGUS_pygame\tests\test_initiation.py:3: in <module>
    from application.battle_service import BattleService
MAGUS_pygame\application\battle_service.py:20: in <module>
    from config import AP_COST_MOVEMENT
E   ImportError: cannot import name 'AP_COST_MOVEMENT' from 'config' (D:\_Projekt\_MAGUS_RPG\Gamemaster_tools\config\__init__.py)
_________ ERROR collecting MAGUS_pygame/tests/test_reaction_budget.py _________
ImportError while importing test module 'D:\_Projekt\_MAGUS_RPG\MAGUS_pygame\tests\test_reaction_budget.py'.
Hint: make sure your test modules/packages have valid Python names.
Traceback:
C:\Python\Lib\importlib\__init__.py:88: in import_module
    return _bootstrap._gcd_import(name[level:], package, level)
           ^^^^^^^^^^^^^^^^^^^^^^^^^^^^^^^^^^^^^^^^^^^^^^^^^^^^
MAGUS_pygame\tests\test_reaction_budget.py:1: in <module>
    from MAGUS_pygame.application.reaction_handler import ReactionHandler
MAGUS_pygame\application\reaction_handler.py:21: in <module>
    from logger.logger import get_logger
MAGUS_pygame\logger\__init__.py:6: in <module>
    from .logger import get_logger
MAGUS_pygame\logger\logger.py:10: in <module>
    from config import LOGS_DIR
E   ImportError: cannot import name 'LOGS_DIR' from 'config' (D:\_Projekt\_MAGUS_RPG\Gamemaster_tools\config\__init__.py)
________ ERROR collecting MAGUS_pygame/tests/test_reaction_handler.py _________
ImportError while importing test module 'D:\_Projekt\_MAGUS_RPG\MAGUS_pygame\tests\test_reaction_handler.py'.
Hint: make sure your test modules/packages have valid Python names.
Traceback:
C:\Python\Lib\importlib\__init__.py:88: in import_module
    return _bootstrap._gcd_import(name[level:], package, level)
           ^^^^^^^^^^^^^^^^^^^^^^^^^^^^^^^^^^^^^^^^^^^^^^^^^^^^
MAGUS_pygame\tests\test_reaction_handler.py:3: in <module>
    from application.reaction_handler import ReactionBudget, ReactionHandler
MAGUS_pygame\application\reaction_handler.py:21: in <module>
    from logger.logger import get_logger
MAGUS_pygame\logger\__init__.py:6: in <module>
    from .logger import get_logger
MAGUS_pygame\logger\logger.py:10: in <module>
    from config import LOGS_DIR
E   ImportError: cannot import name 'LOGS_DIR' from 'config' (D:\_Projekt\_MAGUS_RPG\Gamemaster_tools\config\__init__.py)
________ ERROR collecting MAGUS_pygame/tests/test_scenario_service.py _________
ImportError while importing test module 'D:\_Projekt\_MAGUS_RPG\MAGUS_pygame\tests\test_scenario_service.py'.
Hint: make sure your test modules/packages have valid Python names.
Traceback:
C:\Python\Lib\importlib\__init__.py:88: in import_module
    return _bootstrap._gcd_import(name[level:], package, level)
           ^^^^^^^^^^^^^^^^^^^^^^^^^^^^^^^^^^^^^^^^^^^^^^^^^^^^
MAGUS_pygame\tests\test_scenario_service.py:5: in <module>
    from MAGUS_pygame.application.scenario_service import ScenarioService
MAGUS_pygame\application\scenario_service.py:11: in <module>
    from logger.logger import get_logger
MAGUS_pygame\logger\__init__.py:6: in <module>
    from .logger import get_logger
MAGUS_pygame\logger\logger.py:10: in <module>
    from config import LOGS_DIR
E   ImportError: cannot import name 'LOGS_DIR' from 'config' (D:\_Projekt\_MAGUS_RPG\Gamemaster_tools\config\__init__.py)
_______ ERROR collecting MAGUS_pygame/tests/test_unit_setup_service.py ________
ImportError while importing test module 'D:\_Projekt\_MAGUS_RPG\MAGUS_pygame\tests\test_unit_setup_service.py'.
Hint: make sure your test modules/packages have valid Python names.
Traceback:
C:\Python\Lib\importlib\__init__.py:88: in import_module
    return _bootstrap._gcd_import(name[level:], package, level)
           ^^^^^^^^^^^^^^^^^^^^^^^^^^^^^^^^^^^^^^^^^^^^^^^^^^^^
MAGUS_pygame\tests\test_unit_setup_service.py:3: in <module>
    from application.unit_setup_service import UnitSetupService
MAGUS_pygame\application\unit_setup_service.py:8: in <module>
    from logger.logger import get_logger
MAGUS_pygame\logger\__init__.py:6: in <module>
    from .logger import get_logger
MAGUS_pygame\logger\logger.py:10: in <module>
    from config import LOGS_DIR
E   ImportError: cannot import name 'LOGS_DIR' from 'config' (D:\_Projekt\_MAGUS_RPG\Gamemaster_tools\config\__init__.py)

---------- coverage: platform win32, python 3.13.5-final-0 -----------
Name                                                                                   Stmts   Miss   Cover   Missing
---------------------------------------------------------------------------------------------------------------------
Gamemaster_tools\config\__init__.py                                                        2      0 100.00%
Gamemaster_tools\config\paths.py                                                          36      5  86.11%   104-108, 117
Gamemaster_tools\core\__init__.py                                                          3      3   0.00%   5-23
Gamemaster_tools\core\character_model.py                                                  92     92   0.00%   7-279
Gamemaster_tools\core\race_model.py                                                      101    101   0.00%   5-250
Gamemaster_tools\engine\armor_manager.py                                                  56     56   0.00%   1-184
Gamemaster_tools\engine\attribute_manager.py                                             172    172   0.00%   6-323
Gamemaster_tools\engine\currency_manager.py                                               29     29   0.00%   1-47
Gamemaster_tools\engine\race_manager.py                                                  126    126   0.00%   5-306
Gamemaster_tools\engine\restrictions_manager.py                                            7      7   0.00%   7-28
Gamemaster_tools\engine\weapon_quality_manager.py                                        105    105   0.00%   13-447
Gamemaster_tools\main.py                                                                 142    142   0.00%   2-243
Gamemaster_tools\ui\character_creation\character_creator.py                              242    242   0.00%   1-414
Gamemaster_tools\ui\character_creation\character_loader.py                               145    145   0.00%   10-233
Gamemaster_tools\ui\character_creation\services\__init__.py                                8      8   0.00%   17-25
Gamemaster_tools\ui\character_creation\services\equipment_loader.py                       51     51   0.00%   6-124
Gamemaster_tools\ui\character_creation\services\equipment_service.py                     114    114   0.00%   6-270
Gamemaster_tools\ui\character_creation\services\placeholder_skill_service.py              46     46   0.00%   6-130
Gamemaster_tools\ui\character_creation\services\prerequisite_formatter.py                 68     68   0.00%   1-162
Gamemaster_tools\ui\character_creation\services\skill_prerequisites_service.py            73     73   0.00%   6-190
Gamemaster_tools\ui\character_creation\services\skill_repository.py                      137    137   0.00%   6-254
Gamemaster_tools\ui\character_creation\services\skill_selection_service.py               198    198   0.00%   6-453
Gamemaster_tools\ui\character_creation\steps\basic_spec_step.py                          333    333   0.00%   1-477
Gamemaster_tools\ui\character_creation\steps\equipment_step.py                           108    108   0.00%   7-222
Gamemaster_tools\ui\character_creation\steps\skill_learning_step.py                      252    252   0.00%   7-515
Gamemaster_tools\ui\character_creation\steps\skills_step.py                              276    276   0.00%   1-532
Gamemaster_tools\ui\character_creation\steps\summary_step.py                             240    240   0.00%   1-433
Gamemaster_tools\ui\character_creation\widgets\__init__.py                                 4      4   0.00%   11-15
Gamemaster_tools\ui\character_creation\widgets\common\__init__.py                          3      3   0.00%   5-8
Gamemaster_tools\ui\character_creation\widgets\common\attributes_display.py              358    358   0.00%   1-622
Gamemaster_tools\ui\character_creation\widgets\common\attributes_readonly_display.py      69     69   0.00%   7-140
Gamemaster_tools\ui\character_creation\widgets\equipment\__init__.py                       4      4   0.00%   5-9
Gamemaster_tools\ui\character_creation\widgets\equipment\currency_widget.py               42     42   0.00%   6-97
Gamemaster_tools\ui\character_creation\widgets\equipment\inventory_panel.py               96     96   0.00%   6-161
Gamemaster_tools\ui\character_creation\widgets\equipment\shop_panel.py                   230    230   0.00%   6-341
Gamemaster_tools\ui\character_creation\widgets\learning\__init__.py                        3      3   0.00%   5-8
Gamemaster_tools\ui\character_creation\widgets\learning\learning_row.py                   14     14   0.00%   6-23
Gamemaster_tools\ui\character_creation\widgets\learning\learning_skills_table.py          55     55   0.00%   7-121
Gamemaster_tools\ui\character_creation\widgets\skills\__init__.py                          2      2   0.00%   5-7
Gamemaster_tools\ui\character_creation\widgets\skills\skills_table.py                    130    130   0.00%   1-265
Gamemaster_tools\ui\editors\classes\class_editor.py                                       71     71   0.00%   7-144
Gamemaster_tools\ui\editors\classes\class_editor_actions.py                              331    331   0.00%   6-605
Gamemaster_tools\ui\editors\classes\class_editor_constants.py                              2      2   0.00%   7-10
Gamemaster_tools\ui\editors\classes\class_editor_list.py                                  71     71   0.00%   6-118
Gamemaster_tools\ui\editors\classes\class_editor_tabs.py                                 133    133   0.00%   6-234
Gamemaster_tools\ui\editors\classes\class_skill_editor.py                                352    352   0.00%   7-625
Gamemaster_tools\ui\editors\equipment\armor_editor.py                                    393    393   0.00%   1-558
Gamemaster_tools\ui\editors\equipment\equipment_editor.py                                 34     34   0.00%   6-67
Gamemaster_tools\ui\editors\equipment\general_equipment_editor.py                        247    247   0.00%   1-334
Gamemaster_tools\ui\editors\equipment\weapons_and_shields_editor.py                      405    405   0.00%   1-655
Gamemaster_tools\ui\editors\races\race_editor.py                                          98     98   0.00%   7-175
Gamemaster_tools\ui\editors\races\race_editor_actions.py                                 174    174   0.00%   6-336
Gamemaster_tools\ui\editors\races\race_editor_constants.py                                 5      5   0.00%   7-37
Gamemaster_tools\ui\editors\races\race_editor_list.py                                     45     45   0.00%   6-86
Gamemaster_tools\ui\editors\races\race_editor_tabs.py                                    308    308   0.00%   6-510
Gamemaster_tools\ui\editors\races\special_ability_editor.py                              165    165   0.00%   6-266
Gamemaster_tools\ui\editors\skills\skill_editor.py                                       131    131   0.00%   7-249
Gamemaster_tools\ui\editors\skills\skill_editor_actions.py                               247    247   0.00%   6-434
Gamemaster_tools\ui\editors\skills\skill_editor_constants.py                               7      7   0.00%   7-39
Gamemaster_tools\ui\editors\skills\skill_editor_list.py                                  103    103   0.00%   6-183
Gamemaster_tools\ui\editors\skills\skill_editor_placeholders.py                          212    212   0.00%   6-387
Gamemaster_tools\ui\editors\skills\skill_editor_tabs.py                                  198    198   0.00%   6-339
Gamemaster_tools\ui\editors\skills\skill_prerequisite_editor.py                          211    211   0.00%   9-329
Gamemaster_tools\utils\data\character_storage.py                                          29     29   0.00%   1-54
Gamemaster_tools\utils\data\class_db_manager.py                                          136    136   0.00%   1-365
Gamemaster_tools\utils\data\json_io.py                                                    31     31   0.00%   6-87
Gamemaster_tools\utils\data\skilldata_manager.py                                         248    248   0.00%   1-502
Gamemaster_tools\utils\data\weapondata_manager.py                                        104    104   0.00%   1-212
Gamemaster_tools\utils\error_handling.py                                                  66     56  15.15%   34-46, 55-60, 81-116, 139-164, 181-194
Gamemaster_tools\utils\log\logger.py                                                      38      2  94.74%   62-63
Gamemaster_tools\utils\placeholder_manager.py                                             62     46  25.81%   23-24, 28-50, 60-69, 73-78, 93-124, 128-132, 136-141, 149-195, 199-212
Gamemaster_tools\utils\ui\dark_mode.py                                                    30     30   0.00%   6-95
Gamemaster_tools\utils\ui\themes.py                                                       41     41   0.00%   7-116
Gamemaster_tools\utils\ui\validation.py                                                   82     82   0.00%   6-139
MAGUS_pygame\__init__.py                                                                   1      0 100.00%
MAGUS_pygame\application\action_handler.py                                                64     64   0.00%   11-182
MAGUS_pygame\application\battle_service.py                                               217    211   2.76%   21-411
MAGUS_pygame\application\equipment_validation_service.py                                 166    156   6.02%   26-309
MAGUS_pygame\application\game_context.py                                                  53     53   0.00%   7-122
MAGUS_pygame\application\game_flow_service.py                                            133    130   2.26%   14-211
MAGUS_pygame\application\reaction_handler.py                                              63     56  11.11%   23-140
MAGUS_pygame\application\scenario_service.py                                             104    100   3.85%   13-256
MAGUS_pygame\application\unit_setup_service.py                                            64     62   3.12%   10-118
MAGUS_pygame\application\weapon_type_check.py                                             38     38   0.00%   3-57
MAGUS_pygame\config\__init__.py                                                            3      3   0.00%   7-67
MAGUS_pygame\config\config.py                                                             38     38   0.00%   6-68
MAGUS_pygame\config\paths.py                                                              36     36   0.00%   6-113
MAGUS_pygame\domain\entities\__init__.py                                                   3      0 100.00%
MAGUS_pygame\domain\entities\unit.py                                                      48     19  60.42%   60, 64, 68, 72, 76, 88-93, 105-109, 113-114, 118-119, 122
MAGUS_pygame\domain\entities\weapon.py                                                    33      7  78.79%   19-25, 63
MAGUS_pygame\domain\mechanics\__init__.py                                                 10      0 100.00%
MAGUS_pygame\domain\mechanics\actions\__init__.py                                          5      0 100.00%
MAGUS_pygame\domain\mechanics\actions\attack_action.py                                    40     24  40.00%   31, 36, 54-56, 81-125
MAGUS_pygame\domain\mechanics\actions\base.py                                             31      2  93.55%   70, 76
MAGUS_pygame\domain\mechanics\actions\facing_action.py                                    27     27   0.00%   9-91
MAGUS_pygame\domain\mechanics\actions\movement_action.py                                  78     58  25.64%   32-51, 58-61, 73, 78, 92-99, 113-158
MAGUS_pygame\domain\mechanics\armor.py                                                    73     41  43.84%   54, 58, 61, 64, 68-69, 72, 88-100, 104-107, 110, 115-119, 123-125, 152-162
MAGUS_pygame\domain\mechanics\attack_resolution.py                                       151    104  31.13%   123-140, 162-170, 209-371, 399-413
MAGUS_pygame\domain\mechanics\critical.py                                                 47     34  27.66%   36-37, 61-72, 92-99, 116-121, 140-158
MAGUS_pygame\domain\mechanics\damage.py                                                   37     24  35.14%   38, 48-58, 78-96, 122-125
MAGUS_pygame\domain\mechanics\initiation.py                                               83     83   0.00%   41-251
MAGUS_pygame\domain\mechanics\reach.py                                                    47     37  21.28%   55-58, 63, 68, 86-116, 133-134, 153-169
MAGUS_pygame\domain\mechanics\reactions\__init__.py                                        3      0 100.00%
MAGUS_pygame\domain\mechanics\reactions\base.py                                           25      2  92.00%   66, 70
MAGUS_pygame\domain\mechanics\reactions\opportunity_attack.py                             43     27  37.21%   33, 46-50, 79-126
MAGUS_pygame\domain\mechanics\stamina.py                                                 102     61  40.20%   95-98, 113-115, 141-178, 186-191, 196-198, 202-210, 217-218, 222-223, 227, 235, 244, 257-263, 283
MAGUS_pygame\domain\mechanics\weapon_wielding.py                                          52     27  48.08%   40, 67-70, 97-99, 129-142, 187-214, 246-254
MAGUS_pygame\domain\services.py                                                           99     99   0.00%   5-218
MAGUS_pygame\domain\value_objects\__init__.py                                             85     27  68.24%   21, 25, 28, 41, 52, 55, 58-60, 63, 70-96, 114, 135-136, 139, 142, 145, 160-167
MAGUS_pygame\domain\value_objects\scenario_config.py                                      51     21  58.82%   39-42, 55, 76-78, 99-103, 120, 149, 157-158, 166, 177, 195, 214
MAGUS_pygame\infrastructure\rendering\__init__.py                                          5      5   0.00%   3-13
MAGUS_pygame\infrastructure\rendering\battle_renderer.py                                  82     82   0.00%   12-298
MAGUS_pygame\infrastructure\rendering\camera.py                                           54     54   0.00%   7-177
MAGUS_pygame\infrastructure\rendering\hex_grid.py                                         95     95   0.00%   7-316
MAGUS_pygame\infrastructure\rendering\sprite_utils.py                                     99     99   0.00%   7-221
MAGUS_pygame\infrastructure\repositories\__init__.py                                       5      5   0.00%   5-10
MAGUS_pygame\infrastructure\repositories\character_repository.py                          43     43   0.00%   5-74
MAGUS_pygame\infrastructure\repositories\equipment_repository.py                          74     74   0.00%   5-111
MAGUS_pygame\infrastructure\repositories\scenario_repository.py                           49     49   0.00%   3-85
MAGUS_pygame\infrastructure\repositories\skills_repository.py                             73     73   0.00%   7-121
MAGUS_pygame\infrastructure\repositories\sprite_repository.py                             72     72   0.00%   5-133
MAGUS_pygame\logger\__init__.py                                                            2      1  50.00%   8
MAGUS_pygame\logger\logger.py                                                             38     33  13.16%   13-96
MAGUS_pygame\logger\profiling.py                                                          37     37   0.00%   5-93
MAGUS_pygame\main.py                                                                      95     95   0.00%   11-155
MAGUS_pygame\presentation\adapters\__init__.py                                             2      2   0.00%   3-5
MAGUS_pygame\presentation\adapters\equipment_view.py                                      35     35   0.00%   10-55
MAGUS_pygame\presentation\components\__init__.py                                           3      3   0.00%   3-6
MAGUS_pygame\presentation\components\hud.py                                               86     86   0.00%   7-261
MAGUS_pygame\presentation\components\unit_info_popup.py                                  316    316   0.00%   7-576
MAGUS_pygame\presentation\screens\__init__.py                                              7      7   0.00%   12-23
MAGUS_pygame\presentation\screens\editor\__init__.py                                       2      2   0.00%   3-5
MAGUS_pygame\presentation\screens\editor\scenario_editor_screen.py                       270    270   0.00%   15-502
MAGUS_pygame\presentation\screens\game\__init__.py                                         4      4   0.00%   3-7
MAGUS_pygame\presentation\screens\game\battle_screen.py                                  347    347   0.00%   8-693
MAGUS_pygame\presentation\screens\game\deployment_screen.py                              231    231   0.00%   9-471
MAGUS_pygame\presentation\screens\game\equipment_screen.py                                26     26   0.00%   8-51
MAGUS_pygame\presentation\screens\menu\__init__.py                                         2      2   0.00%   3-5
MAGUS_pygame\presentation\screens\menu\menu_screen.py                                    205    205   0.00%   7-445
MAGUS_pygame\presentation\screens\scenario_setup\__init__.py                               2      2   0.00%   3-5
MAGUS_pygame\presentation\screens\scenario_setup\scenario_phases\__init__.py               5      5   0.00%   11-16
MAGUS_pygame\presentation\screens\scenario_setup\scenario_phases\equipment_phase.py       97     97   0.00%   6-226
MAGUS_pygame\presentation\screens\scenario_setup\scenario_phases\map_phase.py             91     91   0.00%   3-204
MAGUS_pygame\presentation\screens\scenario_setup\scenario_phases\phase_base.py            17     17   0.00%   6-81
MAGUS_pygame\presentation\screens\scenario_setup\scenario_phases\team_phase.py           169    169   0.00%   3-352
MAGUS_pygame\presentation\screens\scenario_setup\scenario_screen.py                      133    133   0.00%   14-284
---------------------------------------------------------------------------------------------------------------------
TOTAL                                                                                  14008  13425   4.16%

20 empty files skipped.
Coverage HTML written to dir htmlcov
Coverage JSON written to file coverage.json

=========================== short test summary info ===========================
ERROR MAGUS_pygame/tests/test_ap_calculation.py
ERROR MAGUS_pygame/tests/test_armor.py
ERROR MAGUS_pygame/tests/test_armor_system.py
ERROR MAGUS_pygame/tests/test_armor_validation.py
ERROR MAGUS_pygame/tests/test_attack_resolution.py
ERROR MAGUS_pygame/tests/test_battle_service_rollover.py
ERROR MAGUS_pygame/tests/test_equipment_validation.py
ERROR MAGUS_pygame/tests/test_game_flow_service.py
ERROR MAGUS_pygame/tests/test_initiation.py
ERROR MAGUS_pygame/tests/test_reaction_budget.py
ERROR MAGUS_pygame/tests/test_reaction_handler.py
ERROR MAGUS_pygame/tests/test_scenario_service.py
ERROR MAGUS_pygame/tests/test_unit_setup_service.py
!!!!!!!!!!!!!!!!!! Interrupted: 13 errors during collection !!!!!!!!!!!!!!!!!!!
============================= 13 errors in 6.60s ==============================
